2025-10-25 12:27:45,836 - __main__ - INFO - Loading model...
2025-10-25 12:27:45,836 - models.model_loader - INFO - Loading model from Stock_Price_Prediction_21_10.pkl
2025-10-25 12:27:45,837 - models.model_loader - ERROR - Error loading model: No module named 'sklearn'
2025-10-25 12:27:45,837 - __main__ - ERROR - An error occurred: Error loading model: No module named 'sklearn'
Traceback (most recent call last):
  File "/Users/saicharan/Documents/Python Projects/Projects/Stock Price Backend/src/models/model_loader.py", line 87, in _load_model
    model_dict = pickle.load(f)
ModuleNotFoundError: No module named 'sklearn'

The above exception was the direct cause of the following exception:

Traceback (most recent call last):
  File "/Users/saicharan/Documents/Python Projects/Projects/Stock Price Backend/src/main.py", line 17, in main
    model_loader = ModelLoader()
  File "/Users/saicharan/Documents/Python Projects/Projects/Stock Price Backend/src/models/model_loader.py", line 51, in __init__
    self._load_model()
    ~~~~~~~~~~~~~~~~^^
  File "/Users/saicharan/Documents/Python Projects/Projects/Stock Price Backend/src/utils/monitoring.py", line 23, in wrapper
    result = func(*args, **kwargs)
  File "/Users/saicharan/Documents/Python Projects/Projects/Stock Price Backend/src/models/model_loader.py", line 105, in _load_model
    raise ModelLoadError(error_msg) from e
models.model_loader.ModelLoadError: Error loading model: No module named 'sklearn'
2025-10-25 12:28:29,911 - __main__ - INFO - Loading model...
2025-10-25 12:28:29,912 - models.model_loader - INFO - Loading model from Stock_Price_Prediction_21_10.pkl
2025-10-25 12:28:32,139 - models.model_loader - INFO - Model loaded successfully
2025-10-25 12:28:32,139 - utils.monitoring - INFO - _load_model executed in 2.23 seconds
2025-10-25 12:28:32,139 - __main__ - INFO - Loading data...
2025-10-25 12:28:32,140 - data.data_loader - INFO - Loading dataset from Stock Price.csv
2025-10-25 12:28:34,971 - data.data_loader - INFO - Dataset loaded successfully with shape: (6201266, 10)
2025-10-25 12:28:34,971 - utils.monitoring - INFO - load_data executed in 2.83 seconds
2025-10-25 12:28:34,972 - __main__ - INFO - Preprocessing data...
2025-10-25 12:28:35,835 - utils.monitoring - INFO - Creating time features for span 1 completed in 0.77 seconds
2025-10-25 12:28:37,250 - utils.monitoring - INFO - Creating time features for span 3 completed in 1.41 seconds
2025-10-25 12:28:38,668 - utils.monitoring - INFO - Creating time features for span 7 completed in 1.42 seconds
2025-10-25 12:28:40,076 - utils.monitoring - INFO - Creating time features for span 14 completed in 1.41 seconds
2025-10-25 12:28:41,471 - utils.monitoring - INFO - Creating price features completed in 1.39 seconds
2025-10-25 12:28:42,295 - data.data_preprocessing - INFO - Data preprocessing completed
2025-10-25 12:28:42,295 - utils.monitoring - INFO - Data preprocessing completed in 7.32 seconds
2025-10-25 12:28:42,295 - utils.monitoring - INFO - preprocess_data executed in 7.32 seconds
2025-10-25 12:28:42,553 - data.data_preprocessing - INFO - Stock name encoding completed
2025-10-25 12:28:42,553 - utils.monitoring - INFO - encode_stock_names executed in 0.26 seconds
2025-10-25 12:28:42,553 - data.data_preprocessing - INFO - Selecting features: ['Stock_encoded', 'rolling_mean_1', 'rolling_mean_3', 'rolling_mean_7', 'rolling_mean_14', 'rolling_std_3', 'rolling_std_7', 'rolling_std_14', 'price_change_lag1', 'price_change_lag3', 'price_change_lag7', 'Price_Trend']
2025-10-25 12:28:42,628 - utils.monitoring - INFO - select_features executed in 0.07 seconds
2025-10-25 12:28:50,409 - data.data_preprocessing - INFO - Removed 619043 outliers
2025-10-25 12:28:50,486 - utils.monitoring - INFO - Outlier removal completed in 7.83 seconds
2025-10-25 12:28:50,486 - utils.monitoring - INFO - remove_outliers executed in 7.83 seconds
2025-10-25 12:28:50,655 - data.data_preprocessing - INFO - Feature scaling completed
2025-10-25 12:28:50,655 - utils.monitoring - INFO - Feature scaling completed in 0.16 seconds
2025-10-25 12:28:50,655 - utils.monitoring - INFO - scale_features executed in 0.16 seconds
2025-10-25 12:28:50,655 - __main__ - INFO - Final preprocessed data shape: (5582223, 12)
2025-10-25 12:28:50,655 - __main__ - INFO - Final preprocessed columns: ['Stock_encoded', 'rolling_mean_1', 'rolling_mean_3', 'rolling_mean_7', 'rolling_mean_14', 'rolling_std_3', 'rolling_std_7', 'rolling_std_14', 'price_change_lag1', 'price_change_lag3', 'price_change_lag7', 'Price_Trend']
